| test.c:54:14:54:43 | b_macro_attribute_and_fun_call | The variable $@ may not be initialized here, but has a cleanup handler. | test.c:37:26:37:55 | b_macro_attribute_and_fun_call | b_macro_attribute_and_fun_call |
| test.c:58:10:58:25 | b_full_attribute | The variable $@ may not be initialized here, but has a cleanup handler. | test.c:33:45:33:60 | b_full_attribute | b_full_attribute |
| test.c:59:10:59:28 | b_macro_attribute_1 | The variable $@ may not be initialized here, but has a cleanup handler. | test.c:35:25:35:43 | b_macro_attribute_1 | b_macro_attribute_1 |
| test.c:61:10:61:34 | b_stack_struct_field_free | The variable $@ may not be initialized here, but has a cleanup handler. | test.c:39:46:39:70 | b_stack_struct_field_free | b_stack_struct_field_free |
| test.c:88:10:88:21 | b_unassigned | The variable $@ may not be initialized here, but has a cleanup handler. | test.c:78:26:78:37 | b_unassigned | b_unassigned |
